[seeking-arrangement-profile-8ab7d9f.netlify.app/index.html]
[backblue.gif]
[fade.gif]
[index.html]
[seeking-arrangement-profile-8ab7d9f.netlify.app/Member Login - Seeking_files/clarity.js]
[seeking-arrangement-profile-8ab7d9f.netlify.app/Member Login - Seeking_files/3542a5eb-d263-415e-864d-0b151b94d5de.js]
[seeking-arrangement-profile-8ab7d9f.netlify.app/Member Login - Seeking_files/d8373123c62828e9a13295d11eb7e66f.js]
[seeking-arrangement-profile-8ab7d9f.netlify.app/Member Login - Seeking_files/d3d14424fac71699bdbff068d9b1184b.js]
[seeking-arrangement-profile-8ab7d9f.netlify.app/Member Login - Seeking_files/eid.es5.js]
[seeking-arrangement-profile-8ab7d9f.netlify.app/Member Login - Seeking_files/cds-pips.js]
[seeking-arrangement-profile-8ab7d9f.netlify.app/Member Login - Seeking_files/main.MWQ0NWRkZTlhMQ.js]
[seeking-arrangement-profile-8ab7d9f.netlify.app/Member Login - Seeking_files/serverComponent.php]
[seeking-arrangement-profile-8ab7d9f.netlify.app/Member Login - Seeking_files/up_loader.1.1.0.js]
[seeking-arrangement-profile-8ab7d9f.netlify.app/Member Login - Seeking_files/20113431]
[seeking-arrangement-profile-8ab7d9f.netlify.app/Member Login - Seeking_files/events.js]
[seeking-arrangement-profile-8ab7d9f.netlify.app/Member Login - Seeking_files/fs.js]
[seeking-arrangement-profile-8ab7d9f.netlify.app/Member Login - Seeking_files/mixpanel-2-latest.min.js]
[seeking-arrangement-profile-8ab7d9f.netlify.app/Member Login - Seeking_files/analytics.js]
[seeking-arrangement-profile-8ab7d9f.netlify.app/Member Login - Seeking_files/js]
[seeking-arrangement-profile-8ab7d9f.netlify.app/Member Login - Seeking_files/sdk.js]
[seeking-arrangement-profile-8ab7d9f.netlify.app/Member Login - Seeking_files/tfa.js]
[seeking-arrangement-profile-8ab7d9f.netlify.app/Member Login - Seeking_files/uwt.js]
[seeking-arrangement-profile-8ab7d9f.netlify.app/Member Login - Seeking_files/pixel.js]
[seeking-arrangement-profile-8ab7d9f.netlify.app/Member Login - Seeking_files/scevent.min.js]
[seeking-arrangement-profile-8ab7d9f.netlify.app/Member Login - Seeking_files/bat.js]
[seeking-arrangement-profile-8ab7d9f.netlify.app/Member Login - Seeking_files/gtm.js]
[seeking-arrangement-profile-8ab7d9f.netlify.app/Member Login - Seeking_files/083ee782d50bc0ccef46956552b877a6.js]
[seeking-arrangement-profile-8ab7d9f.netlify.app/Member Login - Seeking_files/semantic.min.css]
[contents.seeking.com/images/main/favicon-32x32.png]
[seeking-arrangement-profile-8ab7d9f.netlify.app/Member Login - Seeking_files/SourceSansPro-400-300-600.css]
[contents.seeking.com/images/icons/app/logo.png]
[contents.seeking.com/images/icons/app/logo-152x152.png]
[contents.seeking.com/images/icons/app/logo-180x180.png]
[contents.seeking.com/images/icons/app/logo-167x167.png]
[contents.seeking.com/images/icons/app/iphonex_splash.png]
[contents.seeking.com/images/icons/app/iphone6_splash.png]
[contents.seeking.com/images/icons/app/iphonexr_splash.png]
[contents.seeking.com/images/icons/app/iphonexsmax_splash.png]
[contents.seeking.com/images/icons/app/iphone5_splash.png]
[contents.seeking.com/images/icons/app/ipad_splash.png]
[contents.seeking.com/images/icons/app/ipadpro4_splash.png]
[contents.seeking.com/images/icons/app/ipadpro1_splash.png]
[contents.seeking.com/images/icons/app/ipadpro2_splash.png]
[contents.seeking.com/images/icons/app/iPhone_12_Pro_Max.png]
[contents.seeking.com/images/icons/app/iPhone_12_Pro.png]
[seeking-arrangement-profile-8ab7d9f.netlify.app/Member Login - Seeking_files/join.7432716a7749ce37d737.css]
[cdn.pushcrew.com/sw/083ee782d50bc0ccef46956552b877a6.js]
[seeking-arrangement-profile-8ab7d9f.netlify.app/document.2c.delayed]
[seeking-arrangement-profile-8ab7d9f.netlify.app/Member Login - Seeking_files/20113431.js]
[seeking-arrangement-profile-8ab7d9f.netlify.app/Member Login - Seeking_files/j.php]
[seeking-arrangement-profile-8ab7d9f.netlify.app/Member Login - Seeking_files/0.7432716a7749ce37d737.css]
[seeking-arrangement-profile-8ab7d9f.netlify.app/Member Login - Seeking_files/modules.3cb89fdee82cce4ad9b3.js]
[seeking-arrangement-profile-8ab7d9f.netlify.app/Member Login - Seeking_files/style]
[seeking-arrangement-profile-8ab7d9f.netlify.app/Member Login - Seeking_files/tag-183c401382c37bbbee202fd08b53d1f2.js]
[seeking-arrangement-profile-8ab7d9f.netlify.app/Member Login - Seeking_files/identify_7dd78.js]
[seeking-arrangement-profile-8ab7d9f.netlify.app/Member Login - Seeking_files/warning.png]
[seeking-arrangement-profile-8ab7d9f.netlify.app/Member Login - Seeking_files/api.js]
[seeking-arrangement-profile-8ab7d9f.netlify.app/member login - seeking_files/button.html]
[seeking-arrangement-profile-8ab7d9f.netlify.app/Member Login - Seeking_files/realgifts.js]
[seeking-arrangement-profile-8ab7d9f.netlify.app/Member Login - Seeking_files/simplepeer.min.js]
[seeking-arrangement-profile-8ab7d9f.netlify.app/sw.3a.delayed]
[seeking-arrangement-profile-8ab7d9f.netlify.app/Member Login - Seeking_files/client]
[seeking-arrangement-profile-8ab7d9f.netlify.app/Member Login - Seeking_files/iMAWebCookie.js]
[seeking-arrangement-profile-8ab7d9f.netlify.app/edge.fullstory.com/s/fs.3d.delayed]
[seeking-arrangement-profile-8ab7d9f.netlify.app/Member Login - Seeking_files/Bootstrap.js]
[analytics.tiktok.com/i18n/pixel/events.js]
[seeking-arrangement-profile-8ab7d9f.netlify.app/Member Login - Seeking_files/adsct]
[seeking-arrangement-profile-8ab7d9f.netlify.app/Member Login - Seeking_files/adsct(1)]
[seeking-arrangement-profile-8ab7d9f.netlify.app/member login - seeking_files/hcaptcha(1).html]
[seeking-arrangement-profile-8ab7d9f.netlify.app/member login - seeking_files/saved_resource]
[seeking-arrangement-profile-8ab7d9f.netlify.app/Member Login - Seeking_files/29558]
[seeking-arrangement-profile-8ab7d9f.netlify.app/Member Login - Seeking_files/28515]
[ajax.googleapis.com/ajax/libs/jquery/3.2.1/jquery.min.js]
[seeking-arrangement-profile-8ab7d9f.netlify.app/index.html]
[seeking-arrangement-profile-8ab7d9f.netlify.app/Member Login - Seeking_files/themes/default/assets/images/flags.5b.delayed]
[seeking-arrangement-profile-8ab7d9f.netlify.app/Member Login - Seeking_files/themes/default/assets/fonts/icons.5c.delayed]
[seeking-arrangement-profile-8ab7d9f.netlify.app/Member Login - Seeking_files/themes/default/assets/fonts/icons.5dd41d.delayed]
[seeking-arrangement-profile-8ab7d9f.netlify.app/Member Login - Seeking_files/themes/default/assets/fonts/icons.5e.delayed]
[seeking-arrangement-profile-8ab7d9f.netlify.app/Member Login - Seeking_files/themes/default/assets/fonts/icons.5f.delayed]
[seeking-arrangement-profile-8ab7d9f.netlify.app/Member Login - Seeking_files/themes/default/assets/fonts/icons.60.delayed]
[seeking-arrangement-profile-8ab7d9f.netlify.app/Member Login - Seeking_files/themes/default/assets/fonts/icons.61.delayed]
[seeking-arrangement-profile-8ab7d9f.netlify.app/Member Login - Seeking_files/semantic.min.css]
[seeking-arrangement-profile-8ab7d9f.netlify.app/Member Login - Seeking_files/SourceSansPro-400-300-600.css]
[seeking-arrangement-profile-8ab7d9f.netlify.app/Member Login - Seeking_files/join.7432716a7749ce37d737.css]
[www.googletagmanager.com/gtm5445.html]
[seeking-arrangement-profile-8ab7d9f.netlify.app/document.html]
[seeking-arrangement-profile-8ab7d9f.netlify.app/Member Login - Seeking_files/0.7432716a7749ce37d737.css]
[seeking-arrangement-profile-8ab7d9f.netlify.app/member login - seeking_files/button.html]
[seeking-arrangement-profile-8ab7d9f.netlify.app/sw.html]
[seeking-arrangement-profile-8ab7d9f.netlify.app/edge.fullstory.com/s/fs.html]
[seeking-arrangement-profile-8ab7d9f.netlify.app/Member Login - Seeking_files/0]
[seeking-arrangement-profile-8ab7d9f.netlify.app/member login - seeking_files/Edg/index.html]
[seeking-arrangement-profile-8ab7d9f.netlify.app/member login - seeking_files/index.html]
[seeking-arrangement-profile-8ab7d9f.netlify.app/member login - seeking_files/hcaptcha(1).html]
[seeking-arrangement-profile-8ab7d9f.netlify.app/member login - seeking_files/i.html]
[seeking-arrangement-profile-8ab7d9f.netlify.app/member login - seeking_files/iframe.html]
[seeking-arrangement-profile-8ab7d9f.netlify.app/member login - seeking_files/hcaptcha.js]
[seeking-arrangement-profile-8ab7d9f.netlify.app/member login - seeking_files/saved_resource(1)]
[seeking-arrangement-profile-8ab7d9f.netlify.app/member login - seeking_files/iframe(1).html]
[seeking-arrangement-profile-8ab7d9f.netlify.app/Member Login - Seeking_files/event.jpg]
[seeking-arrangement-profile-8ab7d9f.netlify.app/member login - seeking_files/universal_pixel.1.1.0.js]
[seeking-arrangement-profile-8ab7d9f.netlify.app/member login - seeking_files/up.html]
[seeking-arrangement-profile-8ab7d9f.netlify.app/member login - seeking_files/saved_resource(2).html]
[seeking-arrangement-profile-8ab7d9f.netlify.app/member login - seeking_files/saved_resource(3).html]
[seeking-arrangement-profile-8ab7d9f.netlify.app/member login - seeking_files/saved_resource(4).html]
[seeking-arrangement-profile-8ab7d9f.netlify.app/member login - seeking_files/saved_resource(5).html]
[seeking-arrangement-profile-8ab7d9f.netlify.app/Member Login - Seeking_files/themes/default/assets/images/flags.html]
[seeking-arrangement-profile-8ab7d9f.netlify.app/Member Login - Seeking_files/themes/default/assets/fonts/icons.html]
[seeking-arrangement-profile-8ab7d9f.netlify.app/Member Login - Seeking_files/themes/default/assets/fonts/iconsd41d.html]
[seeking-arrangement-profile-8ab7d9f.netlify.app/Member Login - Seeking_files/themes/default/assets/fonts/icons-2.html]
[seeking-arrangement-profile-8ab7d9f.netlify.app/Member Login - Seeking_files/themes/default/assets/fonts/icons-3.html]
[seeking-arrangement-profile-8ab7d9f.netlify.app/Member Login - Seeking_files/themes/default/assets/fonts/icons-4.html]
[seeking-arrangement-profile-8ab7d9f.netlify.app/Member Login - Seeking_files/themes/default/assets/fonts/icons-5.html]
[seeking-arrangement-profile-8ab7d9f.netlify.app/member login - seeking_files/Edg/index.html]
[seeking-arrangement-profile-8ab7d9f.netlify.app/member login - seeking_files/index.html]
